[02-Jun-2026 12:53:08 UTC] Automatic updates starting...
[02-Jun-2026 12:53:10 UTC] Automatic updates complete.
[03-Jun-2026 08:30:19 UTC] Automatic updates starting...
[03-Jun-2026 08:30:21 UTC]   Automatic plugin updates starting...
[03-Jun-2026 08:30:21 UTC]     Upgrading plugin 'advanced-custom-fields'...
[03-Jun-2026 08:30:24 UTC]     Plugin 'advanced-custom-fields' has been upgraded.
[03-Jun-2026 08:30:26 UTC]     Scraping home page...
[03-Jun-2026 08:30:27 UTC] '###### wp_scraping_result_start:4f7b2c5ef8919e4fef2f6bdf883e71ed ######
true
###### wp_scraping_result_end:4f7b2c5ef8919e4fef2f6bdf883e71ed ######
'
[03-Jun-2026 08:30:27 UTC]     The update for 'advanced-custom-fields' has no fatal errors.
[03-Jun-2026 08:30:27 UTC]   Automatic plugin updates complete.
[03-Jun-2026 08:30:28 UTC] Automatic updates complete.
[04-Jun-2026 04:10:34 UTC] Automatic updates starting...
[04-Jun-2026 04:10:36 UTC] Automatic updates complete.
[04-Jun-2026 08:59:46 UTC] Automatic updates starting...
[04-Jun-2026 08:59:49 UTC] Automatic updates complete.
[05-Jun-2026 08:07:19 UTC] Automatic updates starting...
[05-Jun-2026 08:07:21 UTC] Automatic updates complete.
[07-Jun-2026 06:54:42 UTC] Automatic updates starting...
[07-Jun-2026 06:54:44 UTC] Automatic updates complete.
